// Jest Snapshot v1, https://goo.gl/fbAQLP

exports[`TypescriptPlugin classes snapshot 1`] = `
Object {
  "Animal": Object {
    "documentation": Object {
      "contents": Array [
        "<p>Copyright 2017-present Palantir Technologies, Inc. All rights reserved.
Licensed under the BSD-3 License as modified (the “License”); you may obtain
a copy of the license in the LICENSE and PATENTS files in the root of this
repository.</p>
",
      ],
      "contentsRaw": "Copyright 2017-present Palantir Technologies, Inc. All rights reserved.
Licensed under the BSD-3 License as modified (the “License”); you may obtain
a copy of the license in the LICENSE and PATENTS files in the root of this
repository.",
      "metadata": Object {},
    },
    "extends": undefined,
    "fileName": "src/__tests__/__fixtures__/classes.ts",
    "flags": Object {
      "isDeprecated": undefined,
      "isExported": true,
      "isExternal": false,
      "isOptional": false,
      "isPrivate": false,
      "isProtected": false,
      "isPublic": false,
      "isRest": undefined,
      "isStatic": false,
    },
    "kind": "class",
    "methods": Array [
      Object {
        "documentation": undefined,
        "fileName": "src/__tests__/__fixtures__/classes.ts",
        "flags": Object {
          "isDeprecated": undefined,
          "isExported": true,
          "isExternal": false,
          "isOptional": false,
          "isPrivate": false,
          "isProtected": false,
          "isPublic": true,
          "isRest": undefined,
          "isStatic": false,
        },
        "kind": "method",
        "name": "bark",
        "signatures": Array [
          Object {
            "documentation": Object {
              "contents": Array [
                "<p>Produce a noise.</p>
",
              ],
              "contentsRaw": "Produce a noise.",
              "metadata": Object {},
            },
            "fileName": "src/__tests__/__fixtures__/classes.ts",
            "flags": Object {
              "isDeprecated": undefined,
              "isExported": undefined,
              "isExternal": undefined,
              "isOptional": undefined,
              "isPrivate": undefined,
              "isProtected": undefined,
              "isPublic": undefined,
              "isRest": undefined,
              "isStatic": undefined,
            },
            "kind": "signature",
            "name": "bark",
            "parameters": Array [],
            "returnType": "string",
            "type": "() => string",
          },
        ],
      },
      Object {
        "documentation": undefined,
        "fileName": "src/__tests__/__fixtures__/classes.ts",
        "flags": Object {
          "isDeprecated": undefined,
          "isExported": true,
          "isExternal": false,
          "isOptional": false,
          "isPrivate": false,
          "isProtected": false,
          "isPublic": true,
          "isRest": undefined,
          "isStatic": false,
        },
        "kind": "method",
        "name": "eat",
        "signatures": Array [
          Object {
            "documentation": Object {
              "contents": Array [
                "<p>Public method.</p>
",
              ],
              "contentsRaw": "Public method.",
              "metadata": Object {},
            },
            "fileName": "src/__tests__/__fixtures__/classes.ts",
            "flags": Object {
              "isDeprecated": undefined,
              "isExported": undefined,
              "isExternal": undefined,
              "isOptional": undefined,
              "isPrivate": undefined,
              "isProtected": undefined,
              "isPublic": undefined,
              "isRest": undefined,
              "isStatic": undefined,
            },
            "kind": "signature",
            "name": "eat",
            "parameters": Array [
              Object {
                "defaultValue": undefined,
                "documentation": Object {
                  "contents": Array [
                    "<p>Name of the food to eat.</p>
",
                  ],
                  "contentsRaw": "Name of the food to eat.",
                  "metadata": Object {},
                },
                "fileName": undefined,
                "flags": Object {
                  "isDeprecated": undefined,
                  "isExported": undefined,
                  "isExternal": undefined,
                  "isOptional": false,
                  "isPrivate": undefined,
                  "isProtected": undefined,
                  "isPublic": undefined,
                  "isRest": false,
                  "isStatic": undefined,
                },
                "kind": "parameter",
                "name": "food",
                "type": "string",
              },
            ],
            "returnType": "void",
            "type": "(food: string) => void",
          },
        ],
      },
    ],
    "name": "Animal",
    "properties": Array [],
  },
  "Dog": Object {
    "documentation": undefined,
    "extends": Array [
      "Animal",
    ],
    "fileName": "src/__tests__/__fixtures__/classes.ts",
    "flags": Object {
      "isDeprecated": undefined,
      "isExported": true,
      "isExternal": false,
      "isOptional": false,
      "isPrivate": false,
      "isProtected": false,
      "isPublic": false,
      "isRest": undefined,
      "isStatic": false,
    },
    "kind": "class",
    "methods": Array [
      Object {
        "documentation": undefined,
        "fileName": "src/__tests__/__fixtures__/classes.ts",
        "flags": Object {
          "isDeprecated": undefined,
          "isExported": true,
          "isExternal": false,
          "isOptional": false,
          "isPrivate": false,
          "isProtected": false,
          "isPublic": true,
          "isRest": undefined,
          "isStatic": false,
        },
        "kind": "method",
        "name": "bark",
        "signatures": Array [
          Object {
            "documentation": Object {
              "contents": Array [
                "<p>Produce a noise.</p>
",
              ],
              "contentsRaw": "Produce a noise.",
              "metadata": Object {},
            },
            "fileName": "src/__tests__/__fixtures__/classes.ts",
            "flags": Object {
              "isDeprecated": undefined,
              "isExported": undefined,
              "isExternal": undefined,
              "isOptional": undefined,
              "isPrivate": undefined,
              "isProtected": undefined,
              "isPublic": undefined,
              "isRest": undefined,
              "isStatic": undefined,
            },
            "kind": "signature",
            "name": "bark",
            "parameters": Array [],
            "returnType": "string",
            "type": "() => string",
          },
        ],
      },
      Object {
        "documentation": undefined,
        "fileName": "src/__tests__/__fixtures__/classes.ts",
        "flags": Object {
          "isDeprecated": undefined,
          "isExported": true,
          "isExternal": false,
          "isOptional": false,
          "isPrivate": false,
          "isProtected": false,
          "isPublic": true,
          "isRest": undefined,
          "isStatic": false,
        },
        "kind": "method",
        "name": "eat",
        "signatures": Array [
          Object {
            "documentation": Object {
              "contents": Array [
                "<p>Public method.</p>
",
              ],
              "contentsRaw": "Public method.",
              "metadata": Object {},
            },
            "fileName": "src/__tests__/__fixtures__/classes.ts",
            "flags": Object {
              "isDeprecated": undefined,
              "isExported": undefined,
              "isExternal": undefined,
              "isOptional": undefined,
              "isPrivate": undefined,
              "isProtected": undefined,
              "isPublic": undefined,
              "isRest": undefined,
              "isStatic": undefined,
            },
            "kind": "signature",
            "name": "eat",
            "parameters": Array [
              Object {
                "defaultValue": undefined,
                "documentation": Object {
                  "contents": Array [
                    "<p>Name of the food to eat.</p>
",
                  ],
                  "contentsRaw": "Name of the food to eat.",
                  "metadata": Object {},
                },
                "fileName": undefined,
                "flags": Object {
                  "isDeprecated": undefined,
                  "isExported": undefined,
                  "isExternal": undefined,
                  "isOptional": false,
                  "isPrivate": undefined,
                  "isProtected": undefined,
                  "isPublic": undefined,
                  "isRest": false,
                  "isStatic": undefined,
                },
                "kind": "parameter",
                "name": "food",
                "type": "string",
              },
            ],
            "returnType": "void",
            "type": "(food: string) => void",
          },
        ],
      },
    ],
    "name": "Dog",
    "properties": Array [],
  },
}
`;

exports[`TypescriptPlugin interfaces snapshot 1`] = `
Object {
  "IActionProps": Object {
    "documentation": undefined,
    "extends": undefined,
    "fileName": "src/__tests__/__fixtures__/interfaces.ts",
    "flags": Object {
      "isDeprecated": undefined,
      "isExported": true,
      "isExternal": false,
      "isOptional": false,
      "isPrivate": false,
      "isProtected": false,
      "isPublic": false,
      "isRest": undefined,
      "isStatic": false,
    },
    "kind": "interface",
    "methods": Array [],
    "name": "IActionProps",
    "properties": Array [
      Object {
        "defaultValue": undefined,
        "documentation": Object {
          "contents": Array [
            "<p>Whether this action is non-interactive.</p>
",
          ],
          "contentsRaw": "Whether this action is non-interactive.",
          "metadata": Object {},
        },
        "fileName": "src/__tests__/__fixtures__/interfaces.ts",
        "flags": Object {
          "isDeprecated": undefined,
          "isExported": true,
          "isExternal": false,
          "isOptional": true,
          "isPrivate": false,
          "isProtected": false,
          "isPublic": false,
          "isRest": undefined,
          "isStatic": false,
        },
        "kind": "property",
        "name": "disabled",
        "type": "undefined | true | false",
      },
      Object {
        "defaultValue": undefined,
        "documentation": Object {
          "contents": Array [
            "<p>Name of the icon (the part after <code>pt-icon-</code>) to add to the button.</p>
",
          ],
          "contentsRaw": "Name of the icon (the part after \`pt-icon-\`) to add to the button.",
          "metadata": Object {},
        },
        "fileName": "src/__tests__/__fixtures__/interfaces.ts",
        "flags": Object {
          "isDeprecated": undefined,
          "isExported": true,
          "isExternal": false,
          "isOptional": true,
          "isPrivate": false,
          "isProtected": false,
          "isPublic": false,
          "isRest": undefined,
          "isStatic": false,
        },
        "kind": "property",
        "name": "iconName",
        "type": "IconName",
      },
      Object {
        "defaultValue": undefined,
        "documentation": Object {
          "contents": Array [
            "<p>Visual intent color to apply to element.</p>
",
          ],
          "contentsRaw": "Visual intent color to apply to element.",
          "metadata": Object {},
        },
        "fileName": "src/__tests__/__fixtures__/interfaces.ts",
        "flags": Object {
          "isDeprecated": undefined,
          "isExported": true,
          "isExternal": false,
          "isOptional": false,
          "isPrivate": false,
          "isProtected": false,
          "isPublic": false,
          "isRest": undefined,
          "isStatic": false,
        },
        "kind": "property",
        "name": "intent",
        "type": "Intent",
      },
      Object {
        "defaultValue": undefined,
        "documentation": Object {
          "contents": Array [
            "<p>Click event handler.</p>
",
          ],
          "contentsRaw": "Click event handler.",
          "metadata": Object {},
        },
        "fileName": "src/__tests__/__fixtures__/interfaces.ts",
        "flags": Object {
          "isDeprecated": undefined,
          "isExported": true,
          "isExternal": false,
          "isOptional": false,
          "isPrivate": false,
          "isProtected": false,
          "isPublic": false,
          "isRest": undefined,
          "isStatic": false,
        },
        "kind": "property",
        "name": "onClick",
        "type": "(event: MouseEvent) => void",
      },
      Object {
        "defaultValue": undefined,
        "documentation": Object {
          "contents": Array [
            "<p>Action text.</p>
",
          ],
          "contentsRaw": "Action text.",
          "metadata": Object {},
        },
        "fileName": "src/__tests__/__fixtures__/interfaces.ts",
        "flags": Object {
          "isDeprecated": undefined,
          "isExported": true,
          "isExternal": false,
          "isOptional": false,
          "isPrivate": false,
          "isProtected": false,
          "isPublic": false,
          "isRest": undefined,
          "isStatic": false,
        },
        "kind": "property",
        "name": "text",
        "type": "string",
      },
    ],
  },
  "IButtonProps": Object {
    "documentation": undefined,
    "extends": Array [
      "IActionProps",
    ],
    "fileName": "src/__tests__/__fixtures__/interfaces.ts",
    "flags": Object {
      "isDeprecated": undefined,
      "isExported": true,
      "isExternal": false,
      "isOptional": false,
      "isPrivate": false,
      "isProtected": false,
      "isPublic": false,
      "isRest": undefined,
      "isStatic": false,
    },
    "kind": "interface",
    "methods": Array [],
    "name": "IButtonProps",
    "properties": Array [
      Object {
        "defaultValue": "false",
        "documentation": Object {
          "contents": Array [
            "<p>If set to <code>true</code>, the button will display in an active state.
This is equivalent to setting <code>className=&quot;pt-active&quot;</code>.</p>
",
          ],
          "contentsRaw": "If set to \`true\`, the button will display in an active state.
This is equivalent to setting \`className=\\"pt-active\\"\`.",
          "metadata": Object {},
        },
        "fileName": "src/__tests__/__fixtures__/interfaces.ts",
        "flags": Object {
          "isDeprecated": undefined,
          "isExported": true,
          "isExternal": false,
          "isOptional": true,
          "isPrivate": false,
          "isProtected": false,
          "isPublic": false,
          "isRest": undefined,
          "isStatic": false,
        },
        "kind": "property",
        "name": "active",
        "type": "undefined | true | false",
      },
      Object {
        "defaultValue": undefined,
        "documentation": Object {
          "contents": Array [
            "<p>Whether this action is non-interactive.</p>
",
          ],
          "contentsRaw": "Whether this action is non-interactive.",
          "metadata": Object {},
        },
        "fileName": "src/__tests__/__fixtures__/interfaces.ts",
        "flags": Object {
          "isDeprecated": undefined,
          "isExported": true,
          "isExternal": false,
          "isOptional": true,
          "isPrivate": false,
          "isProtected": false,
          "isPublic": false,
          "isRest": undefined,
          "isStatic": false,
        },
        "kind": "property",
        "name": "disabled",
        "type": "undefined | true | false",
      },
      Object {
        "defaultValue": undefined,
        "documentation": Object {
          "contents": Array [
            "<p>A ref handler that receives the native HTML element backing this component.</p>
",
          ],
          "contentsRaw": "A ref handler that receives the native HTML element backing this component.",
          "metadata": Object {},
        },
        "fileName": "src/__tests__/__fixtures__/interfaces.ts",
        "flags": Object {
          "isDeprecated": undefined,
          "isExported": true,
          "isExternal": false,
          "isOptional": true,
          "isPrivate": false,
          "isProtected": false,
          "isPublic": false,
          "isRest": undefined,
          "isStatic": false,
        },
        "kind": "property",
        "name": "elementRef",
        "type": "undefined | (ref: HTMLElement) => any",
      },
      Object {
        "defaultValue": undefined,
        "documentation": Object {
          "contents": Array [
            "<p>Name of the icon (the part after <code>pt-icon-</code>) to add to the button.</p>
",
          ],
          "contentsRaw": "Name of the icon (the part after \`pt-icon-\`) to add to the button.",
          "metadata": Object {},
        },
        "fileName": "src/__tests__/__fixtures__/interfaces.ts",
        "flags": Object {
          "isDeprecated": undefined,
          "isExported": true,
          "isExternal": false,
          "isOptional": true,
          "isPrivate": false,
          "isProtected": false,
          "isPublic": false,
          "isRest": undefined,
          "isStatic": false,
        },
        "kind": "property",
        "name": "iconName",
        "type": "IconName",
      },
      Object {
        "defaultValue": undefined,
        "documentation": Object {
          "contents": Array [
            "<p>Visual intent color to apply to element.</p>
",
          ],
          "contentsRaw": "Visual intent color to apply to element.",
          "metadata": Object {},
        },
        "fileName": "src/__tests__/__fixtures__/interfaces.ts",
        "flags": Object {
          "isDeprecated": undefined,
          "isExported": true,
          "isExternal": false,
          "isOptional": false,
          "isPrivate": false,
          "isProtected": false,
          "isPublic": false,
          "isRest": undefined,
          "isStatic": false,
        },
        "kind": "property",
        "name": "intent",
        "type": "Intent",
      },
      Object {
        "defaultValue": "false",
        "documentation": Object {
          "contents": Array [
            "<p>If set to <code>true</code>, the button will display a centered loading spinner instead of its contents.
The width of the button is not affected by the value of this prop.</p>
",
          ],
          "contentsRaw": "If set to \`true\`, the button will display a centered loading spinner instead of its contents.
The width of the button is not affected by the value of this prop.",
          "metadata": Object {},
        },
        "fileName": "src/__tests__/__fixtures__/interfaces.ts",
        "flags": Object {
          "isDeprecated": true,
          "isExported": true,
          "isExternal": false,
          "isOptional": true,
          "isPrivate": false,
          "isProtected": false,
          "isPublic": false,
          "isRest": undefined,
          "isStatic": false,
        },
        "kind": "property",
        "name": "loading",
        "type": "undefined | true | false",
      },
      Object {
        "defaultValue": undefined,
        "documentation": Object {
          "contents": Array [
            "<p>Click event handler.</p>
",
          ],
          "contentsRaw": "Click event handler.",
          "metadata": Object {},
        },
        "fileName": "src/__tests__/__fixtures__/interfaces.ts",
        "flags": Object {
          "isDeprecated": undefined,
          "isExported": true,
          "isExternal": false,
          "isOptional": false,
          "isPrivate": false,
          "isProtected": false,
          "isPublic": false,
          "isRest": undefined,
          "isStatic": false,
        },
        "kind": "property",
        "name": "onClick",
        "type": "(event: MouseEvent) => void",
      },
      Object {
        "defaultValue": undefined,
        "documentation": Object {
          "contents": Array [
            "<p>Name of the icon (the part after <code>pt-icon-</code>) to add to the button.</p>
",
          ],
          "contentsRaw": "Name of the icon (the part after \`pt-icon-\`) to add to the button.",
          "metadata": Object {},
        },
        "fileName": "src/__tests__/__fixtures__/interfaces.ts",
        "flags": Object {
          "isDeprecated": "since v1.2.3",
          "isExported": true,
          "isExternal": false,
          "isOptional": true,
          "isPrivate": false,
          "isProtected": false,
          "isPublic": false,
          "isRest": undefined,
          "isStatic": false,
        },
        "kind": "property",
        "name": "rightIconName",
        "type": "IconName",
      },
      Object {
        "defaultValue": undefined,
        "documentation": Object {
          "contents": Array [
            "<p>Action text.</p>
",
          ],
          "contentsRaw": "Action text.",
          "metadata": Object {},
        },
        "fileName": "src/__tests__/__fixtures__/interfaces.ts",
        "flags": Object {
          "isDeprecated": undefined,
          "isExported": true,
          "isExternal": false,
          "isOptional": false,
          "isPrivate": false,
          "isProtected": false,
          "isPublic": false,
          "isRest": undefined,
          "isStatic": false,
        },
        "kind": "property",
        "name": "text",
        "type": "string",
      },
      Object {
        "defaultValue": "\\"button\\"",
        "documentation": Object {
          "contents": Array [
            "<p>HTML <code>type</code> attribute of button. Common values are <code>&quot;button&quot;</code> and <code>&quot;submit&quot;</code>.
Note that this prop has no effect on <code>AnchorButton</code>; it only affects <code>Button</code>.</p>
",
          ],
          "contentsRaw": "HTML \`type\` attribute of button. Common values are \`\\"button\\"\` and \`\\"submit\\"\`.
Note that this prop has no effect on \`AnchorButton\`; it only affects \`Button\`.",
          "metadata": Object {},
        },
        "fileName": "src/__tests__/__fixtures__/interfaces.ts",
        "flags": Object {
          "isDeprecated": undefined,
          "isExported": true,
          "isExternal": false,
          "isOptional": true,
          "isPrivate": false,
          "isProtected": false,
          "isPublic": false,
          "isRest": undefined,
          "isStatic": false,
        },
        "kind": "property",
        "name": "type",
        "type": "undefined | string",
      },
    ],
  },
  "ICompiler": Object {
    "documentation": Object {
      "contents": Array [
        "<p>Each plugin receives a <code>Compiler</code> instance to aid in the processing of source files.</p>
",
      ],
      "contentsRaw": "Each plugin receives a \`Compiler\` instance to aid in the processing of source files.",
      "metadata": Object {},
    },
    "extends": undefined,
    "fileName": "src/__tests__/__fixtures__/interfaces.ts",
    "flags": Object {
      "isDeprecated": undefined,
      "isExported": true,
      "isExternal": false,
      "isOptional": false,
      "isPrivate": false,
      "isProtected": false,
      "isPublic": false,
      "isRest": undefined,
      "isStatic": false,
    },
    "kind": "interface",
    "methods": Array [
      Object {
        "documentation": undefined,
        "fileName": "src/__tests__/__fixtures__/interfaces.ts",
        "flags": Object {
          "isDeprecated": undefined,
          "isExported": true,
          "isExternal": false,
          "isOptional": false,
          "isPrivate": false,
          "isProtected": false,
          "isPublic": false,
          "isRest": undefined,
          "isStatic": false,
        },
        "kind": "method",
        "name": "objectify",
        "signatures": Array [
          Object {
            "documentation": Object {
              "contents": Array [
                "<p>Converts an array of entries into a map of key to entry, using given
callback to extract key from each item.</p>
",
              ],
              "contentsRaw": "Converts an array of entries into a map of key to entry, using given
callback to extract key from each item.",
              "metadata": Object {},
            },
            "fileName": "src/__tests__/__fixtures__/interfaces.ts",
            "flags": Object {
              "isDeprecated": undefined,
              "isExported": undefined,
              "isExternal": undefined,
              "isOptional": undefined,
              "isPrivate": undefined,
              "isProtected": undefined,
              "isPublic": undefined,
              "isRest": undefined,
              "isStatic": undefined,
            },
            "kind": "signature",
            "name": "objectify",
            "parameters": Array [
              Object {
                "defaultValue": undefined,
                "documentation": undefined,
                "fileName": undefined,
                "flags": Object {
                  "isDeprecated": undefined,
                  "isExported": undefined,
                  "isExternal": undefined,
                  "isOptional": false,
                  "isPrivate": undefined,
                  "isProtected": undefined,
                  "isPublic": undefined,
                  "isRest": false,
                  "isStatic": undefined,
                },
                "kind": "parameter",
                "name": "array",
                "type": "T[]",
              },
              Object {
                "defaultValue": undefined,
                "documentation": undefined,
                "fileName": undefined,
                "flags": Object {
                  "isDeprecated": undefined,
                  "isExported": undefined,
                  "isExternal": undefined,
                  "isOptional": false,
                  "isPrivate": undefined,
                  "isProtected": undefined,
                  "isPublic": undefined,
                  "isRest": false,
                  "isStatic": undefined,
                },
                "kind": "parameter",
                "name": "getKey",
                "type": "(item: T) => string",
              },
            ],
            "returnType": "{ [key: string]: T }",
            "type": "(array: T[], getKey: (item: T) => string) => { [key: string]: T }",
          },
        ],
      },
      Object {
        "documentation": undefined,
        "fileName": "src/__tests__/__fixtures__/interfaces.ts",
        "flags": Object {
          "isDeprecated": undefined,
          "isExported": true,
          "isExternal": false,
          "isOptional": false,
          "isPrivate": false,
          "isProtected": false,
          "isPublic": false,
          "isRest": undefined,
          "isStatic": false,
        },
        "kind": "method",
        "name": "renderBlock",
        "signatures": Array [
          Object {
            "documentation": Object {
              "contents": Array [
                "<p>Render a block of content by extracting metadata (YAML front matter) and
splitting text content into markdown-rendered HTML strings and <code>{ tag,
value }</code> objects.</p>
<p>To prevent special strings like &quot;@include&quot; from being parsed, a reserved
tag words array may be provided, in which case the line will be left as
is.</p>
",
              ],
              "contentsRaw": "Render a block of content by extracting metadata (YAML front matter) and
splitting text content into markdown-rendered HTML strings and \`{ tag,
value }\` objects.

To prevent special strings like \\"@include\\" from being parsed, a reserved
tag words array may be provided, in which case the line will be left as
is.",
              "metadata": Object {},
            },
            "fileName": "src/__tests__/__fixtures__/interfaces.ts",
            "flags": Object {
              "isDeprecated": undefined,
              "isExported": undefined,
              "isExternal": undefined,
              "isOptional": undefined,
              "isPrivate": undefined,
              "isProtected": undefined,
              "isPublic": undefined,
              "isRest": undefined,
              "isStatic": undefined,
            },
            "kind": "signature",
            "name": "renderBlock",
            "parameters": Array [
              Object {
                "defaultValue": undefined,
                "documentation": undefined,
                "fileName": undefined,
                "flags": Object {
                  "isDeprecated": undefined,
                  "isExported": undefined,
                  "isExternal": undefined,
                  "isOptional": false,
                  "isPrivate": undefined,
                  "isProtected": undefined,
                  "isPublic": undefined,
                  "isRest": false,
                  "isStatic": undefined,
                },
                "kind": "parameter",
                "name": "blockContent",
                "type": "string",
              },
              Object {
                "defaultValue": undefined,
                "documentation": undefined,
                "fileName": undefined,
                "flags": Object {
                  "isDeprecated": undefined,
                  "isExported": undefined,
                  "isExternal": undefined,
                  "isOptional": true,
                  "isPrivate": undefined,
                  "isProtected": undefined,
                  "isPublic": undefined,
                  "isRest": false,
                  "isStatic": undefined,
                },
                "kind": "parameter",
                "name": "reservedTagWords",
                "type": "string[]",
              },
            ],
            "returnType": "object",
            "type": "(blockContent: string, reservedTagWords: string[]) => object",
          },
        ],
      },
      Object {
        "documentation": undefined,
        "fileName": "src/__tests__/__fixtures__/interfaces.ts",
        "flags": Object {
          "isDeprecated": undefined,
          "isExported": true,
          "isExternal": false,
          "isOptional": false,
          "isPrivate": false,
          "isProtected": false,
          "isPublic": false,
          "isRest": undefined,
          "isStatic": false,
        },
        "kind": "method",
        "name": "renderMarkdown",
        "signatures": Array [
          Object {
            "documentation": Object {
              "contents": Array [
                "<p>Render a string of markdown to HTML, using the options from <code>Documentalist</code>.</p>
",
              ],
              "contentsRaw": "Render a string of markdown to HTML, using the options from \`Documentalist\`.",
              "metadata": Object {},
            },
            "fileName": "src/__tests__/__fixtures__/interfaces.ts",
            "flags": Object {
              "isDeprecated": undefined,
              "isExported": undefined,
              "isExternal": undefined,
              "isOptional": undefined,
              "isPrivate": undefined,
              "isProtected": undefined,
              "isPublic": undefined,
              "isRest": undefined,
              "isStatic": undefined,
            },
            "kind": "signature",
            "name": "renderMarkdown",
            "parameters": Array [
              Object {
                "defaultValue": undefined,
                "documentation": undefined,
                "fileName": undefined,
                "flags": Object {
                  "isDeprecated": undefined,
                  "isExported": undefined,
                  "isExternal": undefined,
                  "isOptional": false,
                  "isPrivate": undefined,
                  "isProtected": undefined,
                  "isPublic": undefined,
                  "isRest": false,
                  "isStatic": undefined,
                },
                "kind": "parameter",
                "name": "markdown",
                "type": "string",
              },
            ],
            "returnType": "string",
            "type": "(markdown: string) => string",
          },
        ],
      },
    ],
    "name": "ICompiler",
    "properties": Array [],
  },
}
`;

exports[`TypescriptPlugin options excludeNames 1`] = `
Array [
  "active",
  "disabled",
  "elementRef",
  "loading",
  "onClick",
  "text",
  "type",
]
`;

exports[`TypescriptPlugin options excludePaths 1`] = `Object {}`;

exports[`TypescriptPlugin options includeNonExportedMembers 1`] = `
Array [
  "Animal",
  "Food",
]
`;

exports[`TypescriptPlugin options includePrivateMembers 1`] = `
Array [
  "bark",
  "consumePrivate",
  "eat",
]
`;
